// Jest Snapshot v1, https://goo.gl/fbAQLP

exports[`PropertyCard renders the correctly 1`] = `
<DocumentFragment>
  <div
    class="property-card"
  >
    <div
      class="title"
      data-testid="card-title"
    >
      Stub Title
    </div>
    <div
      class="city"
      data-testid="card-city"
    >
      Stub City
    </div>
    <div
      class="type"
      data-testid="card-type"
    >
      Stub Type
    </div>
    <div
      class="bedrooms"
      data-testid="card-bedrooms"
    >
      Bedrooms:2
    </div>
    <div
      class="bathrooms"
      data-testid="card-bathrooms"
    >
      Bathrooms:1
    </div>
    <div
      class="price"
      data-testid="card-price"
    >
      Â£:100000
    </div>
    <div
      class="email"
      data-testid="cardId-email"
    >
      <a
        href="mailto:mock@email.com"
      >
        Send Email
      </a>
    </div>
  </div>
</DocumentFragment>
`;
